// Jest Snapshot v1, https://goo.gl/fbAQLP

exports[`Timeline renders correctly 1`] = `
<div>
  <h1>
    Hola Mundo
  </h1>
</div>
`;

exports[`renders correctly 1`] = `
<div>
  <h1>
    Hola Mundo
  </h1>
</div>
`;
